src/utils/determine_flutter_or_dart_test.dart
src/utils/run_script_helper_test.dart